// Jest Snapshot v1, https://goo.gl/fbAQLP

exports[`<DemoQuestion /> 子コンポーネントをレンダリングすること 1`] = `
ShallowWrapper {
  Symbol(enzyme.__root__): [Circular],
  Symbol(enzyme.__unrendered__): <DemoQuestion
    routes={
      Array [
        Object {
          "id": 5,
          "label": "E",
          "lat": 555,
          "lng": 555,
          "sortId": 8,
          "title": "国会議事堂",
        },
        Object {
          "id": 7,
          "label": "G",
          "lat": 777,
          "lng": 777,
          "sortId": 7,
          "title": "上野動物園",
        },
        Object {
          "id": 8,
          "label": "H",
          "lat": 888,
          "lng": 888,
          "sortId": 6,
          "title": "東京駅",
        },
        Object {
          "id": 1,
          "label": "A",
          "lat": 111,
          "lng": 111,
          "sortId": 5,
          "title": "秋葉原駅",
        },
        Object {
          "id": 2,
          "label": "B",
          "lat": 222,
          "lng": 222,
          "sortId": 4,
          "title": "文京区役所",
        },
        Object {
          "id": 6,
          "label": "F",
          "lat": 666,
          "lng": 666,
          "sortId": 3,
          "title": "東京タワー",
        },
        Object {
          "id": 4,
          "label": "D",
          "lat": 444,
          "lng": 444,
          "sortId": 2,
          "title": "浜離宮",
        },
        Object {
          "id": 3,
          "label": "C",
          "lat": 333,
          "lng": 333,
          "sortId": 1,
          "title": "明治大学",
        },
      ]
    }
  />,
  Symbol(enzyme.__renderer__): Object {
    "batchedUpdates": [Function],
    "checkPropTypes": [Function],
    "getNode": [Function],
    "render": [Function],
    "simulateError": [Function],
    "simulateEvent": [Function],
    "unmount": [Function],
  },
  Symbol(enzyme.__node__): Object {
    "instance": null,
    "key": undefined,
    "nodeType": "host",
    "props": Object {
      "children": Array [
        <h2>
          あなたが選んだ経路
        </h2>,
        <div
          className="DemoQuestionMain"
        >
          <div
            className="DemoQuestionMapArea"
          >
            <DemoQuestionMap
              routes={
                Array [
                  Object {
                    "id": 5,
                    "label": "E",
                    "lat": 555,
                    "lng": 555,
                    "sortId": 8,
                    "title": "国会議事堂",
                  },
                  Object {
                    "id": 7,
                    "label": "G",
                    "lat": 777,
                    "lng": 777,
                    "sortId": 7,
                    "title": "上野動物園",
                  },
                  Object {
                    "id": 8,
                    "label": "H",
                    "lat": 888,
                    "lng": 888,
                    "sortId": 6,
                    "title": "東京駅",
                  },
                  Object {
                    "id": 1,
                    "label": "A",
                    "lat": 111,
                    "lng": 111,
                    "sortId": 5,
                    "title": "秋葉原駅",
                  },
                  Object {
                    "id": 2,
                    "label": "B",
                    "lat": 222,
                    "lng": 222,
                    "sortId": 4,
                    "title": "文京区役所",
                  },
                  Object {
                    "id": 6,
                    "label": "F",
                    "lat": 666,
                    "lng": 666,
                    "sortId": 3,
                    "title": "東京タワー",
                  },
                  Object {
                    "id": 4,
                    "label": "D",
                    "lat": 444,
                    "lng": 444,
                    "sortId": 2,
                    "title": "浜離宮",
                  },
                  Object {
                    "id": 3,
                    "label": "C",
                    "lat": 333,
                    "lng": 333,
                    "sortId": 1,
                    "title": "明治大学",
                  },
                ]
              }
            />
            <DemoGross />
          </div>
          <div
            className="DemoQuestionNavArea"
          >
            <DemoQuestionOptions
              routes={
                Array [
                  Object {
                    "id": 5,
                    "label": "E",
                    "lat": 555,
                    "lng": 555,
                    "sortId": 8,
                    "title": "国会議事堂",
                  },
                  Object {
                    "id": 7,
                    "label": "G",
                    "lat": 777,
                    "lng": 777,
                    "sortId": 7,
                    "title": "上野動物園",
                  },
                  Object {
                    "id": 8,
                    "label": "H",
                    "lat": 888,
                    "lng": 888,
                    "sortId": 6,
                    "title": "東京駅",
                  },
                  Object {
                    "id": 1,
                    "label": "A",
                    "lat": 111,
                    "lng": 111,
                    "sortId": 5,
                    "title": "秋葉原駅",
                  },
                  Object {
                    "id": 2,
                    "label": "B",
                    "lat": 222,
                    "lng": 222,
                    "sortId": 4,
                    "title": "文京区役所",
                  },
                  Object {
                    "id": 6,
                    "label": "F",
                    "lat": 666,
                    "lng": 666,
                    "sortId": 3,
                    "title": "東京タワー",
                  },
                  Object {
                    "id": 4,
                    "label": "D",
                    "lat": 444,
                    "lng": 444,
                    "sortId": 2,
                    "title": "浜離宮",
                  },
                  Object {
                    "id": 3,
                    "label": "C",
                    "lat": 333,
                    "lng": 333,
                    "sortId": 1,
                    "title": "明治大学",
                  },
                ]
              }
            />
            <DemoRoutesList
              displaySide={0}
              routes={
                Array [
                  Object {
                    "id": 5,
                    "label": "E",
                    "lat": 555,
                    "lng": 555,
                    "sortId": 8,
                    "title": "国会議事堂",
                  },
                  Object {
                    "id": 7,
                    "label": "G",
                    "lat": 777,
                    "lng": 777,
                    "sortId": 7,
                    "title": "上野動物園",
                  },
                  Object {
                    "id": 8,
                    "label": "H",
                    "lat": 888,
                    "lng": 888,
                    "sortId": 6,
                    "title": "東京駅",
                  },
                  Object {
                    "id": 1,
                    "label": "A",
                    "lat": 111,
                    "lng": 111,
                    "sortId": 5,
                    "title": "秋葉原駅",
                  },
                  Object {
                    "id": 2,
                    "label": "B",
                    "lat": 222,
                    "lng": 222,
                    "sortId": 4,
                    "title": "文京区役所",
                  },
                  Object {
                    "id": 6,
                    "label": "F",
                    "lat": 666,
                    "lng": 666,
                    "sortId": 3,
                    "title": "東京タワー",
                  },
                  Object {
                    "id": 4,
                    "label": "D",
                    "lat": 444,
                    "lng": 444,
                    "sortId": 2,
                    "title": "浜離宮",
                  },
                  Object {
                    "id": 3,
                    "label": "C",
                    "lat": 333,
                    "lng": 333,
                    "sortId": 1,
                    "title": "明治大学",
                  },
                ]
              }
            />
            <DemoButton
              classname="DemoQuestionButton"
              isDisabled={false}
              label="やり直す"
            />
          </div>
        </div>,
      ],
      "className": "DemoQuestion",
    },
    "ref": null,
    "rendered": Array [
      Object {
        "instance": null,
        "key": undefined,
        "nodeType": "host",
        "props": Object {
          "children": "あなたが選んだ経路",
        },
        "ref": null,
        "rendered": "あなたが選んだ経路",
        "type": "h2",
      },
      Object {
        "instance": null,
        "key": undefined,
        "nodeType": "host",
        "props": Object {
          "children": Array [
            <div
              className="DemoQuestionMapArea"
            >
              <DemoQuestionMap
                routes={
                  Array [
                    Object {
                      "id": 5,
                      "label": "E",
                      "lat": 555,
                      "lng": 555,
                      "sortId": 8,
                      "title": "国会議事堂",
                    },
                    Object {
                      "id": 7,
                      "label": "G",
                      "lat": 777,
                      "lng": 777,
                      "sortId": 7,
                      "title": "上野動物園",
                    },
                    Object {
                      "id": 8,
                      "label": "H",
                      "lat": 888,
                      "lng": 888,
                      "sortId": 6,
                      "title": "東京駅",
                    },
                    Object {
                      "id": 1,
                      "label": "A",
                      "lat": 111,
                      "lng": 111,
                      "sortId": 5,
                      "title": "秋葉原駅",
                    },
                    Object {
                      "id": 2,
                      "label": "B",
                      "lat": 222,
                      "lng": 222,
                      "sortId": 4,
                      "title": "文京区役所",
                    },
                    Object {
                      "id": 6,
                      "label": "F",
                      "lat": 666,
                      "lng": 666,
                      "sortId": 3,
                      "title": "東京タワー",
                    },
                    Object {
                      "id": 4,
                      "label": "D",
                      "lat": 444,
                      "lng": 444,
                      "sortId": 2,
                      "title": "浜離宮",
                    },
                    Object {
                      "id": 3,
                      "label": "C",
                      "lat": 333,
                      "lng": 333,
                      "sortId": 1,
                      "title": "明治大学",
                    },
                  ]
                }
              />
              <DemoGross />
            </div>,
            <div
              className="DemoQuestionNavArea"
            >
              <DemoQuestionOptions
                routes={
                  Array [
                    Object {
                      "id": 5,
                      "label": "E",
                      "lat": 555,
                      "lng": 555,
                      "sortId": 8,
                      "title": "国会議事堂",
                    },
                    Object {
                      "id": 7,
                      "label": "G",
                      "lat": 777,
                      "lng": 777,
                      "sortId": 7,
                      "title": "上野動物園",
                    },
                    Object {
                      "id": 8,
                      "label": "H",
                      "lat": 888,
                      "lng": 888,
                      "sortId": 6,
                      "title": "東京駅",
                    },
                    Object {
                      "id": 1,
                      "label": "A",
                      "lat": 111,
                      "lng": 111,
                      "sortId": 5,
                      "title": "秋葉原駅",
                    },
                    Object {
                      "id": 2,
                      "label": "B",
                      "lat": 222,
                      "lng": 222,
                      "sortId": 4,
                      "title": "文京区役所",
                    },
                    Object {
                      "id": 6,
                      "label": "F",
                      "lat": 666,
                      "lng": 666,
                      "sortId": 3,
                      "title": "東京タワー",
                    },
                    Object {
                      "id": 4,
                      "label": "D",
                      "lat": 444,
                      "lng": 444,
                      "sortId": 2,
                      "title": "浜離宮",
                    },
                    Object {
                      "id": 3,
                      "label": "C",
                      "lat": 333,
                      "lng": 333,
                      "sortId": 1,
                      "title": "明治大学",
                    },
                  ]
                }
              />
              <DemoRoutesList
                displaySide={0}
                routes={
                  Array [
                    Object {
                      "id": 5,
                      "label": "E",
                      "lat": 555,
                      "lng": 555,
                      "sortId": 8,
                      "title": "国会議事堂",
                    },
                    Object {
                      "id": 7,
                      "label": "G",
                      "lat": 777,
                      "lng": 777,
                      "sortId": 7,
                      "title": "上野動物園",
                    },
                    Object {
                      "id": 8,
                      "label": "H",
                      "lat": 888,
                      "lng": 888,
                      "sortId": 6,
                      "title": "東京駅",
                    },
                    Object {
                      "id": 1,
                      "label": "A",
                      "lat": 111,
                      "lng": 111,
                      "sortId": 5,
                      "title": "秋葉原駅",
                    },
                    Object {
                      "id": 2,
                      "label": "B",
                      "lat": 222,
                      "lng": 222,
                      "sortId": 4,
                      "title": "文京区役所",
                    },
                    Object {
                      "id": 6,
                      "label": "F",
                      "lat": 666,
                      "lng": 666,
                      "sortId": 3,
                      "title": "東京タワー",
                    },
                    Object {
                      "id": 4,
                      "label": "D",
                      "lat": 444,
                      "lng": 444,
                      "sortId": 2,
                      "title": "浜離宮",
                    },
                    Object {
                      "id": 3,
                      "label": "C",
                      "lat": 333,
                      "lng": 333,
                      "sortId": 1,
                      "title": "明治大学",
                    },
                  ]
                }
              />
              <DemoButton
                classname="DemoQuestionButton"
                isDisabled={false}
                label="やり直す"
              />
            </div>,
          ],
          "className": "DemoQuestionMain",
        },
        "ref": null,
        "rendered": Array [
          Object {
            "instance": null,
            "key": undefined,
            "nodeType": "host",
            "props": Object {
              "children": Array [
                <DemoQuestionMap
                  routes={
                    Array [
                      Object {
                        "id": 5,
                        "label": "E",
                        "lat": 555,
                        "lng": 555,
                        "sortId": 8,
                        "title": "国会議事堂",
                      },
                      Object {
                        "id": 7,
                        "label": "G",
                        "lat": 777,
                        "lng": 777,
                        "sortId": 7,
                        "title": "上野動物園",
                      },
                      Object {
                        "id": 8,
                        "label": "H",
                        "lat": 888,
                        "lng": 888,
                        "sortId": 6,
                        "title": "東京駅",
                      },
                      Object {
                        "id": 1,
                        "label": "A",
                        "lat": 111,
                        "lng": 111,
                        "sortId": 5,
                        "title": "秋葉原駅",
                      },
                      Object {
                        "id": 2,
                        "label": "B",
                        "lat": 222,
                        "lng": 222,
                        "sortId": 4,
                        "title": "文京区役所",
                      },
                      Object {
                        "id": 6,
                        "label": "F",
                        "lat": 666,
                        "lng": 666,
                        "sortId": 3,
                        "title": "東京タワー",
                      },
                      Object {
                        "id": 4,
                        "label": "D",
                        "lat": 444,
                        "lng": 444,
                        "sortId": 2,
                        "title": "浜離宮",
                      },
                      Object {
                        "id": 3,
                        "label": "C",
                        "lat": 333,
                        "lng": 333,
                        "sortId": 1,
                        "title": "明治大学",
                      },
                    ]
                  }
                />,
                <DemoGross />,
              ],
              "className": "DemoQuestionMapArea",
            },
            "ref": null,
            "rendered": Array [
              Object {
                "instance": null,
                "key": undefined,
                "nodeType": "class",
                "props": Object {
                  "routes": Array [
                    Object {
                      "id": 5,
                      "label": "E",
                      "lat": 555,
                      "lng": 555,
                      "sortId": 8,
                      "title": "国会議事堂",
                    },
                    Object {
                      "id": 7,
                      "label": "G",
                      "lat": 777,
                      "lng": 777,
                      "sortId": 7,
                      "title": "上野動物園",
                    },
                    Object {
                      "id": 8,
                      "label": "H",
                      "lat": 888,
                      "lng": 888,
                      "sortId": 6,
                      "title": "東京駅",
                    },
                    Object {
                      "id": 1,
                      "label": "A",
                      "lat": 111,
                      "lng": 111,
                      "sortId": 5,
                      "title": "秋葉原駅",
                    },
                    Object {
                      "id": 2,
                      "label": "B",
                      "lat": 222,
                      "lng": 222,
                      "sortId": 4,
                      "title": "文京区役所",
                    },
                    Object {
                      "id": 6,
                      "label": "F",
                      "lat": 666,
                      "lng": 666,
                      "sortId": 3,
                      "title": "東京タワー",
                    },
                    Object {
                      "id": 4,
                      "label": "D",
                      "lat": 444,
                      "lng": 444,
                      "sortId": 2,
                      "title": "浜離宮",
                    },
                    Object {
                      "id": 3,
                      "label": "C",
                      "lat": 333,
                      "lng": 333,
                      "sortId": 1,
                      "title": "明治大学",
                    },
                  ],
                },
                "ref": null,
                "rendered": null,
                "type": [Function],
              },
              Object {
                "instance": null,
                "key": undefined,
                "nodeType": "function",
                "props": Object {
                  "gross": undefined,
                },
                "ref": null,
                "rendered": null,
                "type": [Function],
              },
            ],
            "type": "div",
          },
          Object {
            "instance": null,
            "key": undefined,
            "nodeType": "host",
            "props": Object {
              "children": Array [
                <DemoQuestionOptions
                  routes={
                    Array [
                      Object {
                        "id": 5,
                        "label": "E",
                        "lat": 555,
                        "lng": 555,
                        "sortId": 8,
                        "title": "国会議事堂",
                      },
                      Object {
                        "id": 7,
                        "label": "G",
                        "lat": 777,
                        "lng": 777,
                        "sortId": 7,
                        "title": "上野動物園",
                      },
                      Object {
                        "id": 8,
                        "label": "H",
                        "lat": 888,
                        "lng": 888,
                        "sortId": 6,
                        "title": "東京駅",
                      },
                      Object {
                        "id": 1,
                        "label": "A",
                        "lat": 111,
                        "lng": 111,
                        "sortId": 5,
                        "title": "秋葉原駅",
                      },
                      Object {
                        "id": 2,
                        "label": "B",
                        "lat": 222,
                        "lng": 222,
                        "sortId": 4,
                        "title": "文京区役所",
                      },
                      Object {
                        "id": 6,
                        "label": "F",
                        "lat": 666,
                        "lng": 666,
                        "sortId": 3,
                        "title": "東京タワー",
                      },
                      Object {
                        "id": 4,
                        "label": "D",
                        "lat": 444,
                        "lng": 444,
                        "sortId": 2,
                        "title": "浜離宮",
                      },
                      Object {
                        "id": 3,
                        "label": "C",
                        "lat": 333,
                        "lng": 333,
                        "sortId": 1,
                        "title": "明治大学",
                      },
                    ]
                  }
                />,
                <DemoRoutesList
                  displaySide={0}
                  routes={
                    Array [
                      Object {
                        "id": 5,
                        "label": "E",
                        "lat": 555,
                        "lng": 555,
                        "sortId": 8,
                        "title": "国会議事堂",
                      },
                      Object {
                        "id": 7,
                        "label": "G",
                        "lat": 777,
                        "lng": 777,
                        "sortId": 7,
                        "title": "上野動物園",
                      },
                      Object {
                        "id": 8,
                        "label": "H",
                        "lat": 888,
                        "lng": 888,
                        "sortId": 6,
                        "title": "東京駅",
                      },
                      Object {
                        "id": 1,
                        "label": "A",
                        "lat": 111,
                        "lng": 111,
                        "sortId": 5,
                        "title": "秋葉原駅",
                      },
                      Object {
                        "id": 2,
                        "label": "B",
                        "lat": 222,
                        "lng": 222,
                        "sortId": 4,
                        "title": "文京区役所",
                      },
                      Object {
                        "id": 6,
                        "label": "F",
                        "lat": 666,
                        "lng": 666,
                        "sortId": 3,
                        "title": "東京タワー",
                      },
                      Object {
                        "id": 4,
                        "label": "D",
                        "lat": 444,
                        "lng": 444,
                        "sortId": 2,
                        "title": "浜離宮",
                      },
                      Object {
                        "id": 3,
                        "label": "C",
                        "lat": 333,
                        "lng": 333,
                        "sortId": 1,
                        "title": "明治大学",
                      },
                    ]
                  }
                />,
                <DemoButton
                  classname="DemoQuestionButton"
                  isDisabled={false}
                  label="やり直す"
                />,
              ],
              "className": "DemoQuestionNavArea",
            },
            "ref": null,
            "rendered": Array [
              Object {
                "instance": null,
                "key": undefined,
                "nodeType": "function",
                "props": Object {
                  "routes": Array [
                    Object {
                      "id": 5,
                      "label": "E",
                      "lat": 555,
                      "lng": 555,
                      "sortId": 8,
                      "title": "国会議事堂",
                    },
                    Object {
                      "id": 7,
                      "label": "G",
                      "lat": 777,
                      "lng": 777,
                      "sortId": 7,
                      "title": "上野動物園",
                    },
                    Object {
                      "id": 8,
                      "label": "H",
                      "lat": 888,
                      "lng": 888,
                      "sortId": 6,
                      "title": "東京駅",
                    },
                    Object {
                      "id": 1,
                      "label": "A",
                      "lat": 111,
                      "lng": 111,
                      "sortId": 5,
                      "title": "秋葉原駅",
                    },
                    Object {
                      "id": 2,
                      "label": "B",
                      "lat": 222,
                      "lng": 222,
                      "sortId": 4,
                      "title": "文京区役所",
                    },
                    Object {
                      "id": 6,
                      "label": "F",
                      "lat": 666,
                      "lng": 666,
                      "sortId": 3,
                      "title": "東京タワー",
                    },
                    Object {
                      "id": 4,
                      "label": "D",
                      "lat": 444,
                      "lng": 444,
                      "sortId": 2,
                      "title": "浜離宮",
                    },
                    Object {
                      "id": 3,
                      "label": "C",
                      "lat": 333,
                      "lng": 333,
                      "sortId": 1,
                      "title": "明治大学",
                    },
                  ],
                },
                "ref": null,
                "rendered": null,
                "type": [Function],
              },
              Object {
                "instance": null,
                "key": undefined,
                "nodeType": "function",
                "props": Object {
                  "answerWaypointOrder": undefined,
                  "arrival": undefined,
                  "departure": undefined,
                  "displaySide": 0,
                  "routes": Array [
                    Object {
                      "id": 5,
                      "label": "E",
                      "lat": 555,
                      "lng": 555,
                      "sortId": 8,
                      "title": "国会議事堂",
                    },
                    Object {
                      "id": 7,
                      "label": "G",
                      "lat": 777,
                      "lng": 777,
                      "sortId": 7,
                      "title": "上野動物園",
                    },
                    Object {
                      "id": 8,
                      "label": "H",
                      "lat": 888,
                      "lng": 888,
                      "sortId": 6,
                      "title": "東京駅",
                    },
                    Object {
                      "id": 1,
                      "label": "A",
                      "lat": 111,
                      "lng": 111,
                      "sortId": 5,
                      "title": "秋葉原駅",
                    },
                    Object {
                      "id": 2,
                      "label": "B",
                      "lat": 222,
                      "lng": 222,
                      "sortId": 4,
                      "title": "文京区役所",
                    },
                    Object {
                      "id": 6,
                      "label": "F",
                      "lat": 666,
                      "lng": 666,
                      "sortId": 3,
                      "title": "東京タワー",
                    },
                    Object {
                      "id": 4,
                      "label": "D",
                      "lat": 444,
                      "lng": 444,
                      "sortId": 2,
                      "title": "浜離宮",
                    },
                    Object {
                      "id": 3,
                      "label": "C",
                      "lat": 333,
                      "lng": 333,
                      "sortId": 1,
                      "title": "明治大学",
                    },
                  ],
                },
                "ref": null,
                "rendered": null,
                "type": [Function],
              },
              Object {
                "instance": null,
                "key": undefined,
                "nodeType": "function",
                "props": Object {
                  "callback": undefined,
                  "classname": "DemoQuestionButton",
                  "isDisabled": false,
                  "label": "やり直す",
                },
                "ref": null,
                "rendered": null,
                "type": [Function],
              },
            ],
            "type": "div",
          },
        ],
        "type": "div",
      },
    ],
    "type": "div",
  },
  Symbol(enzyme.__nodes__): Array [
    Object {
      "instance": null,
      "key": undefined,
      "nodeType": "host",
      "props": Object {
        "children": Array [
          <h2>
            あなたが選んだ経路
          </h2>,
          <div
            className="DemoQuestionMain"
          >
            <div
              className="DemoQuestionMapArea"
            >
              <DemoQuestionMap
                routes={
                  Array [
                    Object {
                      "id": 5,
                      "label": "E",
                      "lat": 555,
                      "lng": 555,
                      "sortId": 8,
                      "title": "国会議事堂",
                    },
                    Object {
                      "id": 7,
                      "label": "G",
                      "lat": 777,
                      "lng": 777,
                      "sortId": 7,
                      "title": "上野動物園",
                    },
                    Object {
                      "id": 8,
                      "label": "H",
                      "lat": 888,
                      "lng": 888,
                      "sortId": 6,
                      "title": "東京駅",
                    },
                    Object {
                      "id": 1,
                      "label": "A",
                      "lat": 111,
                      "lng": 111,
                      "sortId": 5,
                      "title": "秋葉原駅",
                    },
                    Object {
                      "id": 2,
                      "label": "B",
                      "lat": 222,
                      "lng": 222,
                      "sortId": 4,
                      "title": "文京区役所",
                    },
                    Object {
                      "id": 6,
                      "label": "F",
                      "lat": 666,
                      "lng": 666,
                      "sortId": 3,
                      "title": "東京タワー",
                    },
                    Object {
                      "id": 4,
                      "label": "D",
                      "lat": 444,
                      "lng": 444,
                      "sortId": 2,
                      "title": "浜離宮",
                    },
                    Object {
                      "id": 3,
                      "label": "C",
                      "lat": 333,
                      "lng": 333,
                      "sortId": 1,
                      "title": "明治大学",
                    },
                  ]
                }
              />
              <DemoGross />
            </div>
            <div
              className="DemoQuestionNavArea"
            >
              <DemoQuestionOptions
                routes={
                  Array [
                    Object {
                      "id": 5,
                      "label": "E",
                      "lat": 555,
                      "lng": 555,
                      "sortId": 8,
                      "title": "国会議事堂",
                    },
                    Object {
                      "id": 7,
                      "label": "G",
                      "lat": 777,
                      "lng": 777,
                      "sortId": 7,
                      "title": "上野動物園",
                    },
                    Object {
                      "id": 8,
                      "label": "H",
                      "lat": 888,
                      "lng": 888,
                      "sortId": 6,
                      "title": "東京駅",
                    },
                    Object {
                      "id": 1,
                      "label": "A",
                      "lat": 111,
                      "lng": 111,
                      "sortId": 5,
                      "title": "秋葉原駅",
                    },
                    Object {
                      "id": 2,
                      "label": "B",
                      "lat": 222,
                      "lng": 222,
                      "sortId": 4,
                      "title": "文京区役所",
                    },
                    Object {
                      "id": 6,
                      "label": "F",
                      "lat": 666,
                      "lng": 666,
                      "sortId": 3,
                      "title": "東京タワー",
                    },
                    Object {
                      "id": 4,
                      "label": "D",
                      "lat": 444,
                      "lng": 444,
                      "sortId": 2,
                      "title": "浜離宮",
                    },
                    Object {
                      "id": 3,
                      "label": "C",
                      "lat": 333,
                      "lng": 333,
                      "sortId": 1,
                      "title": "明治大学",
                    },
                  ]
                }
              />
              <DemoRoutesList
                displaySide={0}
                routes={
                  Array [
                    Object {
                      "id": 5,
                      "label": "E",
                      "lat": 555,
                      "lng": 555,
                      "sortId": 8,
                      "title": "国会議事堂",
                    },
                    Object {
                      "id": 7,
                      "label": "G",
                      "lat": 777,
                      "lng": 777,
                      "sortId": 7,
                      "title": "上野動物園",
                    },
                    Object {
                      "id": 8,
                      "label": "H",
                      "lat": 888,
                      "lng": 888,
                      "sortId": 6,
                      "title": "東京駅",
                    },
                    Object {
                      "id": 1,
                      "label": "A",
                      "lat": 111,
                      "lng": 111,
                      "sortId": 5,
                      "title": "秋葉原駅",
                    },
                    Object {
                      "id": 2,
                      "label": "B",
                      "lat": 222,
                      "lng": 222,
                      "sortId": 4,
                      "title": "文京区役所",
                    },
                    Object {
                      "id": 6,
                      "label": "F",
                      "lat": 666,
                      "lng": 666,
                      "sortId": 3,
                      "title": "東京タワー",
                    },
                    Object {
                      "id": 4,
                      "label": "D",
                      "lat": 444,
                      "lng": 444,
                      "sortId": 2,
                      "title": "浜離宮",
                    },
                    Object {
                      "id": 3,
                      "label": "C",
                      "lat": 333,
                      "lng": 333,
                      "sortId": 1,
                      "title": "明治大学",
                    },
                  ]
                }
              />
              <DemoButton
                classname="DemoQuestionButton"
                isDisabled={false}
                label="やり直す"
              />
            </div>
          </div>,
        ],
        "className": "DemoQuestion",
      },
      "ref": null,
      "rendered": Array [
        Object {
          "instance": null,
          "key": undefined,
          "nodeType": "host",
          "props": Object {
            "children": "あなたが選んだ経路",
          },
          "ref": null,
          "rendered": "あなたが選んだ経路",
          "type": "h2",
        },
        Object {
          "instance": null,
          "key": undefined,
          "nodeType": "host",
          "props": Object {
            "children": Array [
              <div
                className="DemoQuestionMapArea"
              >
                <DemoQuestionMap
                  routes={
                    Array [
                      Object {
                        "id": 5,
                        "label": "E",
                        "lat": 555,
                        "lng": 555,
                        "sortId": 8,
                        "title": "国会議事堂",
                      },
                      Object {
                        "id": 7,
                        "label": "G",
                        "lat": 777,
                        "lng": 777,
                        "sortId": 7,
                        "title": "上野動物園",
                      },
                      Object {
                        "id": 8,
                        "label": "H",
                        "lat": 888,
                        "lng": 888,
                        "sortId": 6,
                        "title": "東京駅",
                      },
                      Object {
                        "id": 1,
                        "label": "A",
                        "lat": 111,
                        "lng": 111,
                        "sortId": 5,
                        "title": "秋葉原駅",
                      },
                      Object {
                        "id": 2,
                        "label": "B",
                        "lat": 222,
                        "lng": 222,
                        "sortId": 4,
                        "title": "文京区役所",
                      },
                      Object {
                        "id": 6,
                        "label": "F",
                        "lat": 666,
                        "lng": 666,
                        "sortId": 3,
                        "title": "東京タワー",
                      },
                      Object {
                        "id": 4,
                        "label": "D",
                        "lat": 444,
                        "lng": 444,
                        "sortId": 2,
                        "title": "浜離宮",
                      },
                      Object {
                        "id": 3,
                        "label": "C",
                        "lat": 333,
                        "lng": 333,
                        "sortId": 1,
                        "title": "明治大学",
                      },
                    ]
                  }
                />
                <DemoGross />
              </div>,
              <div
                className="DemoQuestionNavArea"
              >
                <DemoQuestionOptions
                  routes={
                    Array [
                      Object {
                        "id": 5,
                        "label": "E",
                        "lat": 555,
                        "lng": 555,
                        "sortId": 8,
                        "title": "国会議事堂",
                      },
                      Object {
                        "id": 7,
                        "label": "G",
                        "lat": 777,
                        "lng": 777,
                        "sortId": 7,
                        "title": "上野動物園",
                      },
                      Object {
                        "id": 8,
                        "label": "H",
                        "lat": 888,
                        "lng": 888,
                        "sortId": 6,
                        "title": "東京駅",
                      },
                      Object {
                        "id": 1,
                        "label": "A",
                        "lat": 111,
                        "lng": 111,
                        "sortId": 5,
                        "title": "秋葉原駅",
                      },
                      Object {
                        "id": 2,
                        "label": "B",
                        "lat": 222,
                        "lng": 222,
                        "sortId": 4,
                        "title": "文京区役所",
                      },
                      Object {
                        "id": 6,
                        "label": "F",
                        "lat": 666,
                        "lng": 666,
                        "sortId": 3,
                        "title": "東京タワー",
                      },
                      Object {
                        "id": 4,
                        "label": "D",
                        "lat": 444,
                        "lng": 444,
                        "sortId": 2,
                        "title": "浜離宮",
                      },
                      Object {
                        "id": 3,
                        "label": "C",
                        "lat": 333,
                        "lng": 333,
                        "sortId": 1,
                        "title": "明治大学",
                      },
                    ]
                  }
                />
                <DemoRoutesList
                  displaySide={0}
                  routes={
                    Array [
                      Object {
                        "id": 5,
                        "label": "E",
                        "lat": 555,
                        "lng": 555,
                        "sortId": 8,
                        "title": "国会議事堂",
                      },
                      Object {
                        "id": 7,
                        "label": "G",
                        "lat": 777,
                        "lng": 777,
                        "sortId": 7,
                        "title": "上野動物園",
                      },
                      Object {
                        "id": 8,
                        "label": "H",
                        "lat": 888,
                        "lng": 888,
                        "sortId": 6,
                        "title": "東京駅",
                      },
                      Object {
                        "id": 1,
                        "label": "A",
                        "lat": 111,
                        "lng": 111,
                        "sortId": 5,
                        "title": "秋葉原駅",
                      },
                      Object {
                        "id": 2,
                        "label": "B",
                        "lat": 222,
                        "lng": 222,
                        "sortId": 4,
                        "title": "文京区役所",
                      },
                      Object {
                        "id": 6,
                        "label": "F",
                        "lat": 666,
                        "lng": 666,
                        "sortId": 3,
                        "title": "東京タワー",
                      },
                      Object {
                        "id": 4,
                        "label": "D",
                        "lat": 444,
                        "lng": 444,
                        "sortId": 2,
                        "title": "浜離宮",
                      },
                      Object {
                        "id": 3,
                        "label": "C",
                        "lat": 333,
                        "lng": 333,
                        "sortId": 1,
                        "title": "明治大学",
                      },
                    ]
                  }
                />
                <DemoButton
                  classname="DemoQuestionButton"
                  isDisabled={false}
                  label="やり直す"
                />
              </div>,
            ],
            "className": "DemoQuestionMain",
          },
          "ref": null,
          "rendered": Array [
            Object {
              "instance": null,
              "key": undefined,
              "nodeType": "host",
              "props": Object {
                "children": Array [
                  <DemoQuestionMap
                    routes={
                      Array [
                        Object {
                          "id": 5,
                          "label": "E",
                          "lat": 555,
                          "lng": 555,
                          "sortId": 8,
                          "title": "国会議事堂",
                        },
                        Object {
                          "id": 7,
                          "label": "G",
                          "lat": 777,
                          "lng": 777,
                          "sortId": 7,
                          "title": "上野動物園",
                        },
                        Object {
                          "id": 8,
                          "label": "H",
                          "lat": 888,
                          "lng": 888,
                          "sortId": 6,
                          "title": "東京駅",
                        },
                        Object {
                          "id": 1,
                          "label": "A",
                          "lat": 111,
                          "lng": 111,
                          "sortId": 5,
                          "title": "秋葉原駅",
                        },
                        Object {
                          "id": 2,
                          "label": "B",
                          "lat": 222,
                          "lng": 222,
                          "sortId": 4,
                          "title": "文京区役所",
                        },
                        Object {
                          "id": 6,
                          "label": "F",
                          "lat": 666,
                          "lng": 666,
                          "sortId": 3,
                          "title": "東京タワー",
                        },
                        Object {
                          "id": 4,
                          "label": "D",
                          "lat": 444,
                          "lng": 444,
                          "sortId": 2,
                          "title": "浜離宮",
                        },
                        Object {
                          "id": 3,
                          "label": "C",
                          "lat": 333,
                          "lng": 333,
                          "sortId": 1,
                          "title": "明治大学",
                        },
                      ]
                    }
                  />,
                  <DemoGross />,
                ],
                "className": "DemoQuestionMapArea",
              },
              "ref": null,
              "rendered": Array [
                Object {
                  "instance": null,
                  "key": undefined,
                  "nodeType": "class",
                  "props": Object {
                    "routes": Array [
                      Object {
                        "id": 5,
                        "label": "E",
                        "lat": 555,
                        "lng": 555,
                        "sortId": 8,
                        "title": "国会議事堂",
                      },
                      Object {
                        "id": 7,
                        "label": "G",
                        "lat": 777,
                        "lng": 777,
                        "sortId": 7,
                        "title": "上野動物園",
                      },
                      Object {
                        "id": 8,
                        "label": "H",
                        "lat": 888,
                        "lng": 888,
                        "sortId": 6,
                        "title": "東京駅",
                      },
                      Object {
                        "id": 1,
                        "label": "A",
                        "lat": 111,
                        "lng": 111,
                        "sortId": 5,
                        "title": "秋葉原駅",
                      },
                      Object {
                        "id": 2,
                        "label": "B",
                        "lat": 222,
                        "lng": 222,
                        "sortId": 4,
                        "title": "文京区役所",
                      },
                      Object {
                        "id": 6,
                        "label": "F",
                        "lat": 666,
                        "lng": 666,
                        "sortId": 3,
                        "title": "東京タワー",
                      },
                      Object {
                        "id": 4,
                        "label": "D",
                        "lat": 444,
                        "lng": 444,
                        "sortId": 2,
                        "title": "浜離宮",
                      },
                      Object {
                        "id": 3,
                        "label": "C",
                        "lat": 333,
                        "lng": 333,
                        "sortId": 1,
                        "title": "明治大学",
                      },
                    ],
                  },
                  "ref": null,
                  "rendered": null,
                  "type": [Function],
                },
                Object {
                  "instance": null,
                  "key": undefined,
                  "nodeType": "function",
                  "props": Object {
                    "gross": undefined,
                  },
                  "ref": null,
                  "rendered": null,
                  "type": [Function],
                },
              ],
              "type": "div",
            },
            Object {
              "instance": null,
              "key": undefined,
              "nodeType": "host",
              "props": Object {
                "children": Array [
                  <DemoQuestionOptions
                    routes={
                      Array [
                        Object {
                          "id": 5,
                          "label": "E",
                          "lat": 555,
                          "lng": 555,
                          "sortId": 8,
                          "title": "国会議事堂",
                        },
                        Object {
                          "id": 7,
                          "label": "G",
                          "lat": 777,
                          "lng": 777,
                          "sortId": 7,
                          "title": "上野動物園",
                        },
                        Object {
                          "id": 8,
                          "label": "H",
                          "lat": 888,
                          "lng": 888,
                          "sortId": 6,
                          "title": "東京駅",
                        },
                        Object {
                          "id": 1,
                          "label": "A",
                          "lat": 111,
                          "lng": 111,
                          "sortId": 5,
                          "title": "秋葉原駅",
                        },
                        Object {
                          "id": 2,
                          "label": "B",
                          "lat": 222,
                          "lng": 222,
                          "sortId": 4,
                          "title": "文京区役所",
                        },
                        Object {
                          "id": 6,
                          "label": "F",
                          "lat": 666,
                          "lng": 666,
                          "sortId": 3,
                          "title": "東京タワー",
                        },
                        Object {
                          "id": 4,
                          "label": "D",
                          "lat": 444,
                          "lng": 444,
                          "sortId": 2,
                          "title": "浜離宮",
                        },
                        Object {
                          "id": 3,
                          "label": "C",
                          "lat": 333,
                          "lng": 333,
                          "sortId": 1,
                          "title": "明治大学",
                        },
                      ]
                    }
                  />,
                  <DemoRoutesList
                    displaySide={0}
                    routes={
                      Array [
                        Object {
                          "id": 5,
                          "label": "E",
                          "lat": 555,
                          "lng": 555,
                          "sortId": 8,
                          "title": "国会議事堂",
                        },
                        Object {
                          "id": 7,
                          "label": "G",
                          "lat": 777,
                          "lng": 777,
                          "sortId": 7,
                          "title": "上野動物園",
                        },
                        Object {
                          "id": 8,
                          "label": "H",
                          "lat": 888,
                          "lng": 888,
                          "sortId": 6,
                          "title": "東京駅",
                        },
                        Object {
                          "id": 1,
                          "label": "A",
                          "lat": 111,
                          "lng": 111,
                          "sortId": 5,
                          "title": "秋葉原駅",
                        },
                        Object {
                          "id": 2,
                          "label": "B",
                          "lat": 222,
                          "lng": 222,
                          "sortId": 4,
                          "title": "文京区役所",
                        },
                        Object {
                          "id": 6,
                          "label": "F",
                          "lat": 666,
                          "lng": 666,
                          "sortId": 3,
                          "title": "東京タワー",
                        },
                        Object {
                          "id": 4,
                          "label": "D",
                          "lat": 444,
                          "lng": 444,
                          "sortId": 2,
                          "title": "浜離宮",
                        },
                        Object {
                          "id": 3,
                          "label": "C",
                          "lat": 333,
                          "lng": 333,
                          "sortId": 1,
                          "title": "明治大学",
                        },
                      ]
                    }
                  />,
                  <DemoButton
                    classname="DemoQuestionButton"
                    isDisabled={false}
                    label="やり直す"
                  />,
                ],
                "className": "DemoQuestionNavArea",
              },
              "ref": null,
              "rendered": Array [
                Object {
                  "instance": null,
                  "key": undefined,
                  "nodeType": "function",
                  "props": Object {
                    "routes": Array [
                      Object {
                        "id": 5,
                        "label": "E",
                        "lat": 555,
                        "lng": 555,
                        "sortId": 8,
                        "title": "国会議事堂",
                      },
                      Object {
                        "id": 7,
                        "label": "G",
                        "lat": 777,
                        "lng": 777,
                        "sortId": 7,
                        "title": "上野動物園",
                      },
                      Object {
                        "id": 8,
                        "label": "H",
                        "lat": 888,
                        "lng": 888,
                        "sortId": 6,
                        "title": "東京駅",
                      },
                      Object {
                        "id": 1,
                        "label": "A",
                        "lat": 111,
                        "lng": 111,
                        "sortId": 5,
                        "title": "秋葉原駅",
                      },
                      Object {
                        "id": 2,
                        "label": "B",
                        "lat": 222,
                        "lng": 222,
                        "sortId": 4,
                        "title": "文京区役所",
                      },
                      Object {
                        "id": 6,
                        "label": "F",
                        "lat": 666,
                        "lng": 666,
                        "sortId": 3,
                        "title": "東京タワー",
                      },
                      Object {
                        "id": 4,
                        "label": "D",
                        "lat": 444,
                        "lng": 444,
                        "sortId": 2,
                        "title": "浜離宮",
                      },
                      Object {
                        "id": 3,
                        "label": "C",
                        "lat": 333,
                        "lng": 333,
                        "sortId": 1,
                        "title": "明治大学",
                      },
                    ],
                  },
                  "ref": null,
                  "rendered": null,
                  "type": [Function],
                },
                Object {
                  "instance": null,
                  "key": undefined,
                  "nodeType": "function",
                  "props": Object {
                    "answerWaypointOrder": undefined,
                    "arrival": undefined,
                    "departure": undefined,
                    "displaySide": 0,
                    "routes": Array [
                      Object {
                        "id": 5,
                        "label": "E",
                        "lat": 555,
                        "lng": 555,
                        "sortId": 8,
                        "title": "国会議事堂",
                      },
                      Object {
                        "id": 7,
                        "label": "G",
                        "lat": 777,
                        "lng": 777,
                        "sortId": 7,
                        "title": "上野動物園",
                      },
                      Object {
                        "id": 8,
                        "label": "H",
                        "lat": 888,
                        "lng": 888,
                        "sortId": 6,
                        "title": "東京駅",
                      },
                      Object {
                        "id": 1,
                        "label": "A",
                        "lat": 111,
                        "lng": 111,
                        "sortId": 5,
                        "title": "秋葉原駅",
                      },
                      Object {
                        "id": 2,
                        "label": "B",
                        "lat": 222,
                        "lng": 222,
                        "sortId": 4,
                        "title": "文京区役所",
                      },
                      Object {
                        "id": 6,
                        "label": "F",
                        "lat": 666,
                        "lng": 666,
                        "sortId": 3,
                        "title": "東京タワー",
                      },
                      Object {
                        "id": 4,
                        "label": "D",
                        "lat": 444,
                        "lng": 444,
                        "sortId": 2,
                        "title": "浜離宮",
                      },
                      Object {
                        "id": 3,
                        "label": "C",
                        "lat": 333,
                        "lng": 333,
                        "sortId": 1,
                        "title": "明治大学",
                      },
                    ],
                  },
                  "ref": null,
                  "rendered": null,
                  "type": [Function],
                },
                Object {
                  "instance": null,
                  "key": undefined,
                  "nodeType": "function",
                  "props": Object {
                    "callback": undefined,
                    "classname": "DemoQuestionButton",
                    "isDisabled": false,
                    "label": "やり直す",
                  },
                  "ref": null,
                  "rendered": null,
                  "type": [Function],
                },
              ],
              "type": "div",
            },
          ],
          "type": "div",
        },
      ],
      "type": "div",
    },
  ],
  Symbol(enzyme.__options__): Object {
    "adapter": ReactSixteenAdapter {
      "options": Object {
        "enableComponentDidUpdateOnSetState": true,
        "legacyContextMode": "parent",
        "lifecycles": Object {
          "componentDidUpdate": Object {
            "onSetState": true,
          },
          "getChildContext": Object {
            "calledByRenderer": false,
          },
          "getDerivedStateFromProps": Object {
            "hasShouldComponentUpdateBug": false,
          },
          "getSnapshotBeforeUpdate": true,
          "setState": Object {
            "skipsComponentDidUpdateOnNullish": true,
          },
        },
      },
    },
  },
}
`;
